// Jest Snapshot v1, https://goo.gl/fbAQLP

exports[`App Component matches snapshot 1`] = `
<div>
  <div
    class="app-container"
  >
    <div
      data-testid="preload"
    />
    <nav
      class="nav-container"
    >
      <a
        class="nav-link"
        href="/"
      >
        Home
      </a>
      <a
        class="nav-link"
        href="/about"
      >
        About
      </a>
    </nav>
    <main
      class="main-content"
    >
      <div>
        About Component
      </div>
    </main>
  </div>
</div>
`;
